Wells (G - ground energy, D - dissociation limit, kcal/mol):
      Name        G        D
     CH3CH2CH2      3.2     34.0
     CH3CHCH3      0.0     37.1

Bimolecular Products (G - ground energy, kcal/mol):
      Name        G
        P1     25.3
        P2     35.0

Well-to-Bimolecular Barriers (H/G - barrier height/well depth, kcal/mol)
      Name        H     Well        G  Product
        B1     34.0CH3CH2CH2      3.2       P1
        B2     38.9CH3CH2CH2      3.2       P2
        B4     37.1 CH3CHCH3      0.0       P2

Well-to-Well Barriers (H/G - barrier height/well depth, kcal/mol):
      Name        H     Well       G1     Well       G2
        B3     45.4CH3CH2CH2      3.2 CH3CHCH3      0.0

________________________________________________________________________________________

Unimolecular Rate Units: 1/sec;  Bimolecular Rate Units: cm^3/sec

______________________________________________________________________________________

Species-Species Rate Tables:

Temperature = 400 K

High Pressure Rate Coefficients:

From\To     CH3CH2CH2     CH3CHCH3           P1           P2
CH3CH2CH2          ***  7.29508e-10  0.000210095  1.58658e-07
CH3CHCH3  1.67309e-11          ***          ***  4.39313e-08
P1         2.6703e-17          ***          ***          ***
P2        1.24994e-13  1.50908e-12          ***          ***

Temperature = 400 K    Pressure = 0.1 atm

From\To     CH3CH2CH2     CH3CHCH3           P1           P2
CH3CH2CH2  0.000203349  6.03532e-10  0.000201501  1.27214e-07
CH3CHCH3  1.38417e-11 -1.72139e-05  2.52715e-12    4.364e-08
P1        2.56107e-17  1.40051e-23  2.56147e-17  3.95795e-21
P2        1.00222e-13  1.49907e-12  2.45332e-14  1.62383e-12

Temperature = 400 K    Pressure = 1 atm

From\To     CH3CH2CH2     CH3CHCH3           P1           P2
CH3CH2CH2   0.00020252  6.52265e-10  0.000208604  1.53526e-07
CH3CHCH3  1.49593e-11  1.74811e-05   5.3914e-13  4.38937e-08
P1        2.65134e-17  2.98783e-24  2.65141e-17  6.32509e-22
P2        1.20951e-13  1.50779e-12  3.92058e-15  1.63266e-12

Temperature = 400 K    Pressure = 100 atm

From\To     CH3CH2CH2     CH3CHCH3           P1           P2
CH3CH2CH2   0.00188027   7.2862e-10  0.000209648  1.58483e-07
CH3CHCH3  1.67105e-11 -0.000524758   6.7297e-15  4.39241e-08
P1        2.66461e-17   3.7295e-26  2.66461e-17  7.08945e-24
P2        1.24856e-13  1.50883e-12  4.39437e-17  1.63373e-12

Temperature = 600 K

High Pressure Rate Coefficients:

From\To     CH3CH2CH2     CH3CHCH3           P1           P2
CH3CH2CH2          ***   0.00438627      132.243     0.641506
CH3CHCH3  0.000427931          ***          ***     0.416523
P1        1.21325e-15          ***          ***          ***
P2        6.62974e-13   4.4122e-12          ***          ***

Temperature = 600 K    Pressure = 0.1 atm

From\To     CH3CH2CH2     CH3CHCH3           P1           P2
CH3CH2CH2      93.4066  0.000887048      93.1403     0.265418
CH3CHCH3  8.65419e-05     0.374201  0.000210092      0.37397
P1        8.54504e-16  1.97563e-20  8.57938e-16  3.41477e-18
P2          2.743e-13  3.96145e-12  3.84664e-13  4.62041e-12

Temperature = 600 K    Pressure = 1 atm

From\To     CH3CH2CH2     CH3CHCH3           P1           P2
CH3CH2CH2      122.397   0.00266227      121.885      0.50957
CH3CHCH3  0.000259736     0.409591  0.000136243     0.409249
P1        1.11822e-15  1.28119e-20  1.11942e-15  1.19115e-18
P2        5.26623e-13  4.33516e-12   1.3418e-13  4.99596e-12

Temperature = 600 K    Pressure = 100 atm

From\To     CH3CH2CH2     CH3CHCH3           P1           P2
CH3CH2CH2      132.504   0.00433691       131.86     0.638658
CH3CHCH3  0.000423116      0.41631  4.08572e-06     0.416502
P1        1.20974e-15  3.84208e-22  1.20976e-15  2.34502e-20
P2        6.60031e-13  4.41199e-12  2.64159e-15  5.07466e-12

Temperature = 800 K

High Pressure Rate Coefficients:

From\To     CH3CH2CH2     CH3CHCH3           P1           P2
CH3CH2CH2          ***      23.3594       118108      1503.35
CH3CHCH3      4.91077          ***          ***      1546.34
P1        9.97268e-15          ***          ***          ***
P2        1.76422e-12  8.63193e-12          ***          ***

Temperature = 800 K    Pressure = 0.1 atm

From\To     CH3CH2CH2     CH3CHCH3           P1           P2
CH3CH2CH2      40442.2     0.898384      40226.3      215.059
CH3CHCH3      0.18892      944.393      1.41516      942.789
P1        3.39595e-15  5.68427e-19   3.5042e-15  1.07691e-16
P2         2.5233e-13   5.2628e-12  1.49671e-12  7.01184e-12

Temperature = 800 K    Pressure = 1 atm

From\To     CH3CH2CH2     CH3CHCH3           P1           P2
CH3CH2CH2      80973.3      5.95657      80254.3      713.098
CH3CHCH3      1.25228      1354.77      2.17695      1351.34
P1        6.77627e-15   8.7439e-19  6.84273e-15  6.55935e-17
P2        8.36821e-13  7.54341e-12  9.11637e-13  9.29186e-12

Temperature = 800 K    Pressure = 100 atm

From\To     CH3CH2CH2     CH3CHCH3           P1           P2
CH3CH2CH2       118046      21.9718       116561      1463.09
CH3CHCH3      4.61906       1547.7     0.241377      1542.84
P1        9.84201e-15  9.69481e-20  9.84539e-15  3.28743e-18
P2        1.71697e-12  8.61239e-12  4.56896e-14   1.0375e-11

Temperature = 1200 K

High Pressure Rate Coefficients:

From\To     CH3CH2CH2     CH3CHCH3           P1           P2
CH3CH2CH2          ***       167846  1.18227e+08  4.19074e+06
CH3CHCH3      78939.9          ***          ***  7.04862e+06
P1        1.09442e-13          ***          ***          ***
P2        5.66733e-12  2.02677e-11          ***          ***

Temperature = 1200 K    Pressure = 0.1 atm

From\To     CH3CH2CH2     CH3CHCH3           P1           P2
CH3CH2CH2  5.06742e+06      208.119  5.01834e+06      48872.9
CH3CHCH3      103.954       842704      2794.98       839805
P1        4.31508e-15  5.47633e-18  8.12815e-15  3.80759e-15
P2        6.13996e-14  2.39151e-12   5.5625e-12  8.01541e-12

Temperature = 1200 K    Pressure = 1 atm

From\To     CH3CH2CH2     CH3CHCH3           P1           P2
CH3CH2CH2  2.10075e+07      3711.39   2.0656e+07       347771
CH3CHCH3      1781.01  2.54673e+06      13153.3   2.5318e+06
P1        1.86527e-14  2.60009e-17  2.21981e-14  3.51933e-15
P2        4.58814e-13  7.26523e-12  5.14137e-12  1.28654e-11

Temperature = 1200 K    Pressure = 100 atm

From\To     CH3CH2CH2     CH3CHCH3           P1           P2
CH3CH2CH2  1.00647e+08       100321  9.74392e+07   3.1077e+06
CH3CHCH3      47198.4  6.63208e+06      20699.9  6.56419e+06
P1        9.01721e-14  4.08039e-17  9.11773e-14  9.64436e-16
P2        4.20143e-12  1.88747e-11  1.40894e-12   2.4485e-11

Temperature = 1800 K

High Pressure Rate Coefficients:

From\To     CH3CH2CH2     CH3CHCH3           P1           P2
CH3CH2CH2          ***  7.52374e+07  1.29505e+10  9.70782e+08
CH3CHCH3  6.18154e+07          ***          ***  2.30869e+09
P1        7.57974e-13          ***          ***          ***
P2        1.52086e-11   4.4022e-11          ***          ***

Temperature = 1800 K    Pressure = 0.1 atm

From\To     CH3CH2CH2     CH3CHCH3           P1           P2
CH3CH2CH2  8.66702e+06      365.001  8.51162e+06       155037
CH3CHCH3 -1.14926e+10  1.44794e+07   1.1296e+10  2.11143e+08
P1        9.48945e-17  8.56497e-21   5.6078e-14  5.59831e-14
P2        4.63896e-16  4.19234e-20   1.4985e-11  1.49855e-11

Temperature = 1800 K    Pressure = 1 atm

From\To     CH3CH2CH2     CH3CHCH3           P1           P2
CH3CH2CH2  8.95535e+07      17779.3  8.72372e+07  2.29849e+06
CH3CHCH3      4058.12  9.26573e+07       873484  9.17798e+07
P1        1.24186e-15  4.80136e-17  5.71996e-14  5.59097e-14
P2        9.03448e-15  1.32277e-12  1.49654e-11  1.62972e-11

Temperature = 1800 K    Pressure = 100 atm

From\To     CH3CH2CH2     CH3CHCH3           P1           P2
CH3CH2CH2  4.08587e+09   7.7278e+06  3.86511e+09  2.13035e+08
CH3CHCH3  6.47221e+06   1.1637e+09  1.59536e+07  1.14128e+09
P1        1.94681e-13  1.20578e-15  2.40301e-13  4.44145e-14
P2        2.87898e-12   2.1443e-11  1.18884e-11  3.62104e-11

Temperature = 2000 K

High Pressure Rate Coefficients:

From\To     CH3CH2CH2     CH3CHCH3           P1           P2
CH3CH2CH2          ***  2.61227e+08  3.35659e+10  2.95073e+09
CH3CHCH3  2.40391e+08          ***          ***  7.53297e+09
P1        1.18647e-12          ***          ***          ***
P2         1.9226e-11  5.33368e-11          ***          ***

Temperature = 2000 K    Pressure = 0.1 atm

From\To     CH3CH2CH2     CH3CHCH3           P1           P2
CH3CH2CH2  4.40674e+06      4.15343  4.29908e+06       107653
CH3CHCH3      6.37702  4.09186e+06      28896.6  4.06296e+06
P1        1.20977e-17  1.66039e-19  1.02322e-13   1.0231e-13
P2           5.59e-17  4.29459e-15  1.88591e-11  1.88634e-11

Temperature = 2000 K    Pressure = 1 atm

From\To     CH3CH2CH2     CH3CHCH3           P1           P2
CH3CH2CH2  4.28881e+07      382.625  4.16006e+07  1.28714e+06
CH3CHCH3       498.06   3.9624e+07       414898  3.92086e+07
P1        1.59899e-16  3.25762e-18  1.02469e-13  1.02306e-13
P2        9.17254e-16  5.62161e-14  1.88584e-11  1.89155e-11

Temperature = 2000 K    Pressure = 100 atm

From\To     CH3CH2CH2     CH3CHCH3           P1           P2
CH3CH2CH2   3.7325e+09  3.95143e+06  3.51329e+09  2.15253e+08
CH3CHCH3  4.03336e+06  2.22512e+09   4.3014e+07  2.17807e+09
P1        4.29793e-14  1.57862e-15   1.4295e-13  9.83926e-14
P2        5.07143e-13  1.29579e-11   1.8137e-11   3.1602e-11

______________________________________________________________________________________

High Pressure Rate Coefficients (Temperature-Species Rate Tables):

   T(K)CH3CH2CH2->CH3CH2CH2CH3CH2CH2->CH3CHCH3CH3CH2CH2->P1CH3CH2CH2->P2
    400          ***  7.29508e-10  0.000210095  1.58658e-07
    600          ***   0.00438627      132.243     0.641506
    800          ***      23.3594       118108      1503.35
   1200          ***       167846  1.18227e+08  4.19074e+06
   1800          ***  7.52374e+07  1.29505e+10  9.70782e+08
   2000          ***  2.61227e+08  3.35659e+10  2.95073e+09

   T(K)CH3CHCH3->CH3CH2CH2CH3CHCH3->CH3CHCH3 CH3CHCH3->P1 CH3CHCH3->P2
    400  1.67309e-11          ***          ***  4.39313e-08
    600  0.000427931          ***          ***     0.416523
    800      4.91077          ***          ***      1546.34
   1200      78939.9          ***          ***  7.04862e+06
   1800  6.18154e+07          ***          ***  2.30869e+09
   2000  2.40391e+08          ***          ***  7.53297e+09

   T(K)P1->CH3CH2CH2 P1->CH3CHCH3       P1->P1       P1->P2
    400   2.6703e-17          ***          ***          ***
    600  1.21325e-15          ***          ***          ***
    800  9.97268e-15          ***          ***          ***
   1200  1.09442e-13          ***          ***          ***
   1800  7.57974e-13          ***          ***          ***
   2000  1.18647e-12          ***          ***          ***

   T(K)P2->CH3CH2CH2 P2->CH3CHCH3       P2->P1       P2->P2
    400  1.24994e-13  1.50908e-12          ***          ***
    600  6.62974e-13   4.4122e-12          ***          ***
    800  1.76422e-12  8.63193e-12          ***          ***
   1200  5.66733e-12  2.02677e-11          ***          ***
   1800  1.52086e-11   4.4022e-11          ***          ***
   2000   1.9226e-11  5.33368e-11          ***          ***

Capture/Escape Rate Coefficients:

   T(K)    CH3CH2CH2     CH3CHCH3           P1           P2
    400  0.000210254   4.3948e-08   2.6703e-17  1.63407e-12
    600      132.889     0.416951  1.21325e-15  5.07518e-12
    800       119635      1551.25  9.97268e-15  1.03962e-11
   1200  1.22585e+08  7.12756e+06  1.09442e-13  2.59351e-11
   1800  1.39966e+10  2.37051e+09  7.57974e-13  5.92306e-11
   2000  3.67778e+10  7.77336e+09  1.18647e-12  7.25629e-11

______________________________________________________________________________________

Pressure-Species Rate Tables:

   Temperature = 400 K

   P(atm)CH3CH2CH2->CH3CHCH3CH3CH2CH2->P1CH3CH2CH2->P2  CH3CH2CH2->
      0.1  6.03532e-10  0.000201501  1.27214e-07  0.000203349
        1  6.52265e-10  0.000208604  1.53526e-07   0.00020252
      100   7.2862e-10  0.000209648  1.58483e-07   0.00188027
      O-O  7.29508e-10  0.000210095  1.58658e-07  0.000210254

   Temperature = 600 K

   P(atm)CH3CH2CH2->CH3CHCH3CH3CH2CH2->P1CH3CH2CH2->P2  CH3CH2CH2->
      0.1  0.000887048      93.1403     0.265418      93.4066
        1   0.00266227      121.885      0.50957      122.397
      100   0.00433691       131.86     0.638658      132.504
      O-O   0.00438627      132.243     0.641506      132.889

   Temperature = 800 K

   P(atm)CH3CH2CH2->CH3CHCH3CH3CH2CH2->P1CH3CH2CH2->P2  CH3CH2CH2->
      0.1     0.898384      40226.3      215.059      40442.2
        1      5.95657      80254.3      713.098      80973.3
      100      21.9718       116561      1463.09       118046
      O-O      23.3594       118108      1503.35       119635

   Temperature = 1200 K

   P(atm)CH3CH2CH2->CH3CHCH3CH3CH2CH2->P1CH3CH2CH2->P2  CH3CH2CH2->
      0.1      208.119  5.01834e+06      48872.9  5.06742e+06
        1      3711.39   2.0656e+07       347771  2.10075e+07
      100       100321  9.74392e+07   3.1077e+06  1.00647e+08
      O-O       167846  1.18227e+08  4.19074e+06  1.22585e+08

   Temperature = 1800 K

   P(atm)CH3CH2CH2->CH3CHCH3CH3CH2CH2->P1CH3CH2CH2->P2  CH3CH2CH2->
      0.1      365.001  8.51162e+06       155037  8.66702e+06
        1      17779.3  8.72372e+07  2.29849e+06  8.95535e+07
      100   7.7278e+06  3.86511e+09  2.13035e+08  4.08587e+09
      O-O  7.52374e+07  1.29505e+10  9.70782e+08  1.39966e+10

   Temperature = 2000 K

   P(atm)CH3CH2CH2->CH3CHCH3CH3CH2CH2->P1CH3CH2CH2->P2  CH3CH2CH2->
      0.1      4.15343  4.29908e+06       107653  4.40674e+06
        1      382.625  4.16006e+07  1.28714e+06  4.28881e+07
      100  3.95143e+06  3.51329e+09  2.15253e+08   3.7325e+09
      O-O  2.61227e+08  3.35659e+10  2.95073e+09  3.67778e+10

   Temperature = 400 K

   P(atm)CH3CHCH3->CH3CH2CH2 CH3CHCH3->P1 CH3CHCH3->P2   CH3CHCH3->
      0.1  1.38417e-11  2.52715e-12    4.364e-08 -1.72139e-05
        1  1.49593e-11   5.3914e-13  4.38937e-08  1.74811e-05
      100  1.67105e-11   6.7297e-15  4.39241e-08 -0.000524758
      O-O  1.67309e-11          ***  4.39313e-08   4.3948e-08

   Temperature = 600 K

   P(atm)CH3CHCH3->CH3CH2CH2 CH3CHCH3->P1 CH3CHCH3->P2   CH3CHCH3->
      0.1  8.65419e-05  0.000210092      0.37397     0.374201
        1  0.000259736  0.000136243     0.409249     0.409591
      100  0.000423116  4.08572e-06     0.416502      0.41631
      O-O  0.000427931          ***     0.416523     0.416951

   Temperature = 800 K

   P(atm)CH3CHCH3->CH3CH2CH2 CH3CHCH3->P1 CH3CHCH3->P2   CH3CHCH3->
      0.1      0.18892      1.41516      942.789      944.393
        1      1.25228      2.17695      1351.34      1354.77
      100      4.61906     0.241377      1542.84       1547.7
      O-O      4.91077          ***      1546.34      1551.25

   Temperature = 1200 K

   P(atm)CH3CHCH3->CH3CH2CH2 CH3CHCH3->P1 CH3CHCH3->P2   CH3CHCH3->
      0.1      103.954      2794.98       839805       842704
        1      1781.01      13153.3   2.5318e+06  2.54673e+06
      100      47198.4      20699.9  6.56419e+06  6.63208e+06
      O-O      78939.9          ***  7.04862e+06  7.12756e+06

   Temperature = 1800 K

   P(atm)CH3CHCH3->CH3CH2CH2 CH3CHCH3->P1 CH3CHCH3->P2   CH3CHCH3->
      0.1 -1.14926e+10   1.1296e+10  2.11143e+08  1.44794e+07
        1      4058.12       873484  9.17798e+07  9.26573e+07
      100  6.47221e+06  1.59536e+07  1.14128e+09   1.1637e+09
      O-O  6.18154e+07          ***  2.30869e+09  2.37051e+09

   Temperature = 2000 K

   P(atm)CH3CHCH3->CH3CH2CH2 CH3CHCH3->P1 CH3CHCH3->P2   CH3CHCH3->
      0.1      6.37702      28896.6  4.06296e+06  4.09186e+06
        1       498.06       414898  3.92086e+07   3.9624e+07
      100  4.03336e+06   4.3014e+07  2.17807e+09  2.22512e+09
      O-O  2.40391e+08          ***  7.53297e+09  7.77336e+09

   Temperature = 400 K

   P(atm)P1->CH3CH2CH2 P1->CH3CHCH3       P1->P2         P1->
      0.1  2.56107e-17  1.40051e-23  3.95795e-21  2.56147e-17
        1  2.65134e-17  2.98783e-24  6.32509e-22  2.65141e-17
      100  2.66461e-17   3.7295e-26  7.08945e-24  2.66461e-17
      O-O   2.6703e-17          ***          ***   2.6703e-17

   Temperature = 600 K

   P(atm)P1->CH3CH2CH2 P1->CH3CHCH3       P1->P2         P1->
      0.1  8.54504e-16  1.97563e-20  3.41477e-18  8.57938e-16
        1  1.11822e-15  1.28119e-20  1.19115e-18  1.11942e-15
      100  1.20974e-15  3.84208e-22  2.34502e-20  1.20976e-15
      O-O  1.21325e-15          ***          ***  1.21325e-15

   Temperature = 800 K

   P(atm)P1->CH3CH2CH2 P1->CH3CHCH3       P1->P2         P1->
      0.1  3.39595e-15  5.68427e-19  1.07691e-16   3.5042e-15
        1  6.77627e-15   8.7439e-19  6.55935e-17  6.84273e-15
      100  9.84201e-15  9.69481e-20  3.28743e-18  9.84539e-15
      O-O  9.97268e-15          ***          ***  9.97268e-15

   Temperature = 1200 K

   P(atm)P1->CH3CH2CH2 P1->CH3CHCH3       P1->P2         P1->
      0.1  4.31508e-15  5.47633e-18  3.80759e-15  8.12815e-15
        1  1.86527e-14  2.60009e-17  3.51933e-15  2.21981e-14
      100  9.01721e-14  4.08039e-17  9.64436e-16  9.11773e-14
      O-O  1.09442e-13          ***          ***  1.09442e-13

   Temperature = 1800 K

   P(atm)P1->CH3CH2CH2 P1->CH3CHCH3       P1->P2         P1->
      0.1  9.48945e-17  8.56497e-21  5.59831e-14   5.6078e-14
        1  1.24186e-15  4.80136e-17  5.59097e-14  5.71996e-14
      100  1.94681e-13  1.20578e-15  4.44145e-14  2.40301e-13
      O-O  7.57974e-13          ***          ***  7.57974e-13

   Temperature = 2000 K

   P(atm)P1->CH3CH2CH2 P1->CH3CHCH3       P1->P2         P1->
      0.1  1.20977e-17  1.66039e-19   1.0231e-13  1.02322e-13
        1  1.59899e-16  3.25762e-18  1.02306e-13  1.02469e-13
      100  4.29793e-14  1.57862e-15  9.83926e-14   1.4295e-13
      O-O  1.18647e-12          ***          ***  1.18647e-12

   Temperature = 400 K

   P(atm)P2->CH3CH2CH2 P2->CH3CHCH3       P2->P1         P2->
      0.1  1.00222e-13  1.49907e-12  2.45332e-14  1.62383e-12
        1  1.20951e-13  1.50779e-12  3.92058e-15  1.63266e-12
      100  1.24856e-13  1.50883e-12  4.39437e-17  1.63373e-12
      O-O  1.24994e-13  1.50908e-12          ***  1.63407e-12

   Temperature = 600 K

   P(atm)P2->CH3CH2CH2 P2->CH3CHCH3       P2->P1         P2->
      0.1    2.743e-13  3.96145e-12  3.84664e-13  4.62041e-12
        1  5.26623e-13  4.33516e-12   1.3418e-13  4.99596e-12
      100  6.60031e-13  4.41199e-12  2.64159e-15  5.07466e-12
      O-O  6.62974e-13   4.4122e-12          ***  5.07518e-12

   Temperature = 800 K

   P(atm)P2->CH3CH2CH2 P2->CH3CHCH3       P2->P1         P2->
      0.1   2.5233e-13   5.2628e-12  1.49671e-12  7.01184e-12
        1  8.36821e-13  7.54341e-12  9.11637e-13  9.29186e-12
      100  1.71697e-12  8.61239e-12  4.56896e-14   1.0375e-11
      O-O  1.76422e-12  8.63193e-12          ***  1.03962e-11

   Temperature = 1200 K

   P(atm)P2->CH3CH2CH2 P2->CH3CHCH3       P2->P1         P2->
      0.1  6.13996e-14  2.39151e-12   5.5625e-12  8.01541e-12
        1  4.58814e-13  7.26523e-12  5.14137e-12  1.28654e-11
      100  4.20143e-12  1.88747e-11  1.40894e-12   2.4485e-11
      O-O  5.66733e-12  2.02677e-11          ***  2.59351e-11

   Temperature = 1800 K

   P(atm)P2->CH3CH2CH2 P2->CH3CHCH3       P2->P1         P2->
      0.1  4.63896e-16  4.19234e-20   1.4985e-11  1.49855e-11
        1  9.03448e-15  1.32277e-12  1.49654e-11  1.62972e-11
      100  2.87898e-12   2.1443e-11  1.18884e-11  3.62104e-11
      O-O  1.52086e-11   4.4022e-11          ***  5.92306e-11

   Temperature = 2000 K

   P(atm)P2->CH3CH2CH2 P2->CH3CHCH3       P2->P1         P2->
      0.1     5.59e-17  4.29459e-15  1.88591e-11  1.88634e-11
        1  9.17254e-16  5.62161e-14  1.88584e-11  1.89155e-11
      100  5.07143e-13  1.29579e-11   1.8137e-11   3.1602e-11
      O-O   1.9226e-11  5.33368e-11          ***  7.25629e-11

______________________________________________________________________________________

Temperature-Species Rate Tables:

   Pressure = 0.1 atm

   T(K)CH3CH2CH2->CH3CHCH3CH3CH2CH2->P1CH3CH2CH2->P2  CH3CH2CH2->      Capture
    400  6.03532e-10  0.000201501  1.27214e-07  0.000203349  0.000210254
    600  0.000887048      93.1403     0.265418      93.4066      132.889
    800     0.898384      40226.3      215.059      40442.2       119635
   1200      208.119  5.01834e+06      48872.9  5.06742e+06  1.22585e+08
   1800      365.001  8.51162e+06       155037  8.66702e+06  1.39966e+10
   2000      4.15343  4.29908e+06       107653  4.40674e+06  3.67778e+10

   Pressure = 1 atm

   T(K)CH3CH2CH2->CH3CHCH3CH3CH2CH2->P1CH3CH2CH2->P2  CH3CH2CH2->      Capture
    400  6.52265e-10  0.000208604  1.53526e-07   0.00020252  0.000210254
    600   0.00266227      121.885      0.50957      122.397      132.889
    800      5.95657      80254.3      713.098      80973.3       119635
   1200      3711.39   2.0656e+07       347771  2.10075e+07  1.22585e+08
   1800      17779.3  8.72372e+07  2.29849e+06  8.95535e+07  1.39966e+10
   2000      382.625  4.16006e+07  1.28714e+06  4.28881e+07  3.67778e+10

   Pressure = 100 atm

   T(K)CH3CH2CH2->CH3CHCH3CH3CH2CH2->P1CH3CH2CH2->P2  CH3CH2CH2->      Capture
    400   7.2862e-10  0.000209648  1.58483e-07   0.00188027  0.000210254
    600   0.00433691       131.86     0.638658      132.504      132.889
    800      21.9718       116561      1463.09       118046       119635
   1200       100321  9.74392e+07   3.1077e+06  1.00647e+08  1.22585e+08
   1800   7.7278e+06  3.86511e+09  2.13035e+08  4.08587e+09  1.39966e+10
   2000  3.95143e+06  3.51329e+09  2.15253e+08   3.7325e+09  3.67778e+10

   Pressure = 0.1 atm

   T(K)CH3CHCH3->CH3CH2CH2 CH3CHCH3->P1 CH3CHCH3->P2   CH3CHCH3->      Capture
    400  1.38417e-11  2.52715e-12    4.364e-08 -1.72139e-05   4.3948e-08
    600  8.65419e-05  0.000210092      0.37397     0.374201     0.416951
    800      0.18892      1.41516      942.789      944.393      1551.25
   1200      103.954      2794.98       839805       842704  7.12756e+06
   1800 -1.14926e+10   1.1296e+10  2.11143e+08  1.44794e+07  2.37051e+09
   2000      6.37702      28896.6  4.06296e+06  4.09186e+06  7.77336e+09

   Pressure = 1 atm

   T(K)CH3CHCH3->CH3CH2CH2 CH3CHCH3->P1 CH3CHCH3->P2   CH3CHCH3->      Capture
    400  1.49593e-11   5.3914e-13  4.38937e-08  1.74811e-05   4.3948e-08
    600  0.000259736  0.000136243     0.409249     0.409591     0.416951
    800      1.25228      2.17695      1351.34      1354.77      1551.25
   1200      1781.01      13153.3   2.5318e+06  2.54673e+06  7.12756e+06
   1800      4058.12       873484  9.17798e+07  9.26573e+07  2.37051e+09
   2000       498.06       414898  3.92086e+07   3.9624e+07  7.77336e+09

   Pressure = 100 atm

   T(K)CH3CHCH3->CH3CH2CH2 CH3CHCH3->P1 CH3CHCH3->P2   CH3CHCH3->      Capture
    400  1.67105e-11   6.7297e-15  4.39241e-08 -0.000524758   4.3948e-08
    600  0.000423116  4.08572e-06     0.416502      0.41631     0.416951
    800      4.61906     0.241377      1542.84       1547.7      1551.25
   1200      47198.4      20699.9  6.56419e+06  6.63208e+06  7.12756e+06
   1800  6.47221e+06  1.59536e+07  1.14128e+09   1.1637e+09  2.37051e+09
   2000  4.03336e+06   4.3014e+07  2.17807e+09  2.22512e+09  7.77336e+09

   Pressure = 0.1 atm

   T(K)P1->CH3CH2CH2 P1->CH3CHCH3       P1->P2         P1->      Capture
    400  2.56107e-17  1.40051e-23  3.95795e-21  2.56147e-17   2.6703e-17
    600  8.54504e-16  1.97563e-20  3.41477e-18  8.57938e-16  1.21325e-15
    800  3.39595e-15  5.68427e-19  1.07691e-16   3.5042e-15  9.97268e-15
   1200  4.31508e-15  5.47633e-18  3.80759e-15  8.12815e-15  1.09442e-13
   1800  9.48945e-17  8.56497e-21  5.59831e-14   5.6078e-14  7.57974e-13
   2000  1.20977e-17  1.66039e-19   1.0231e-13  1.02322e-13  1.18647e-12

   Pressure = 1 atm

   T(K)P1->CH3CH2CH2 P1->CH3CHCH3       P1->P2         P1->      Capture
    400  2.65134e-17  2.98783e-24  6.32509e-22  2.65141e-17   2.6703e-17
    600  1.11822e-15  1.28119e-20  1.19115e-18  1.11942e-15  1.21325e-15
    800  6.77627e-15   8.7439e-19  6.55935e-17  6.84273e-15  9.97268e-15
   1200  1.86527e-14  2.60009e-17  3.51933e-15  2.21981e-14  1.09442e-13
   1800  1.24186e-15  4.80136e-17  5.59097e-14  5.71996e-14  7.57974e-13
   2000  1.59899e-16  3.25762e-18  1.02306e-13  1.02469e-13  1.18647e-12

   Pressure = 100 atm

   T(K)P1->CH3CH2CH2 P1->CH3CHCH3       P1->P2         P1->      Capture
    400  2.66461e-17   3.7295e-26  7.08945e-24  2.66461e-17   2.6703e-17
    600  1.20974e-15  3.84208e-22  2.34502e-20  1.20976e-15  1.21325e-15
    800  9.84201e-15  9.69481e-20  3.28743e-18  9.84539e-15  9.97268e-15
   1200  9.01721e-14  4.08039e-17  9.64436e-16  9.11773e-14  1.09442e-13
   1800  1.94681e-13  1.20578e-15  4.44145e-14  2.40301e-13  7.57974e-13
   2000  4.29793e-14  1.57862e-15  9.83926e-14   1.4295e-13  1.18647e-12

   Pressure = 0.1 atm

   T(K)P2->CH3CH2CH2 P2->CH3CHCH3       P2->P1         P2->      Capture
    400  1.00222e-13  1.49907e-12  2.45332e-14  1.62383e-12  1.63407e-12
    600    2.743e-13  3.96145e-12  3.84664e-13  4.62041e-12  5.07518e-12
    800   2.5233e-13   5.2628e-12  1.49671e-12  7.01184e-12  1.03962e-11
   1200  6.13996e-14  2.39151e-12   5.5625e-12  8.01541e-12  2.59351e-11
   1800  4.63896e-16  4.19234e-20   1.4985e-11  1.49855e-11  5.92306e-11
   2000     5.59e-17  4.29459e-15  1.88591e-11  1.88634e-11  7.25629e-11

   Pressure = 1 atm

   T(K)P2->CH3CH2CH2 P2->CH3CHCH3       P2->P1         P2->      Capture
    400  1.20951e-13  1.50779e-12  3.92058e-15  1.63266e-12  1.63407e-12
    600  5.26623e-13  4.33516e-12   1.3418e-13  4.99596e-12  5.07518e-12
    800  8.36821e-13  7.54341e-12  9.11637e-13  9.29186e-12  1.03962e-11
   1200  4.58814e-13  7.26523e-12  5.14137e-12  1.28654e-11  2.59351e-11
   1800  9.03448e-15  1.32277e-12  1.49654e-11  1.62972e-11  5.92306e-11
   2000  9.17254e-16  5.62161e-14  1.88584e-11  1.89155e-11  7.25629e-11

   Pressure = 100 atm

   T(K)P2->CH3CH2CH2 P2->CH3CHCH3       P2->P1         P2->      Capture
    400  1.24856e-13  1.50883e-12  4.39437e-17  1.63373e-12  1.63407e-12
    600  6.60031e-13  4.41199e-12  2.64159e-15  5.07466e-12  5.07518e-12
    800  1.71697e-12  8.61239e-12  4.56896e-14   1.0375e-11  1.03962e-11
   1200  4.20143e-12  1.88747e-11  1.40894e-12   2.4485e-11  2.59351e-11
   1800  2.87898e-12   2.1443e-11  1.18884e-11  3.62104e-11  5.92306e-11
   2000  5.07143e-13  1.29579e-11   1.8137e-11   3.1602e-11  7.25629e-11

______________________________________________________________________________________

Temperature-Pressure Rate Tables:

CH3CH2CH2->CH3CHCH3

P\T              400          600          800         1200         1800         2000
0.1      6.03532e-10  0.000887048     0.898384      208.119      365.001      4.15343
1        6.52265e-10   0.00266227      5.95657      3711.39      17779.3      382.625
100       7.2862e-10   0.00433691      21.9718       100321   7.7278e+06  3.95143e+06
O-O      7.29508e-10   0.00438627      23.3594       167846  7.52374e+07  2.61227e+08

CH3CH2CH2->P1

P\T              400          600          800         1200         1800         2000
0.1      0.000201501      93.1403      40226.3  5.01834e+06  8.51162e+06  4.29908e+06
1        0.000208604      121.885      80254.3   2.0656e+07  8.72372e+07  4.16006e+07
100      0.000209648       131.86       116561  9.74392e+07  3.86511e+09  3.51329e+09
O-O      0.000210095      132.243       118108  1.18227e+08  1.29505e+10  3.35659e+10

CH3CH2CH2->P2

P\T              400          600          800         1200         1800         2000
0.1      1.27214e-07     0.265418      215.059      48872.9       155037       107653
1        1.53526e-07      0.50957      713.098       347771  2.29849e+06  1.28714e+06
100      1.58483e-07     0.638658      1463.09   3.1077e+06  2.13035e+08  2.15253e+08
O-O      1.58658e-07     0.641506      1503.35  4.19074e+06  9.70782e+08  2.95073e+09

CH3CHCH3->CH3CH2CH2

P\T              400          600          800         1200         1800         2000
0.1      1.38417e-11  8.65419e-05      0.18892      103.954 -1.14926e+10      6.37702
1        1.49593e-11  0.000259736      1.25228      1781.01      4058.12       498.06
100      1.67105e-11  0.000423116      4.61906      47198.4  6.47221e+06  4.03336e+06
O-O      1.67309e-11  0.000427931      4.91077      78939.9  6.18154e+07  2.40391e+08

CH3CHCH3->P1

P\T              400          600          800         1200         1800         2000
0.1      2.52715e-12  0.000210092      1.41516      2794.98   1.1296e+10      28896.6
1         5.3914e-13  0.000136243      2.17695      13153.3       873484       414898
100       6.7297e-15  4.08572e-06     0.241377      20699.9  1.59536e+07   4.3014e+07
O-O              ***          ***          ***          ***          ***          ***

CH3CHCH3->P2

P\T              400          600          800         1200         1800         2000
0.1        4.364e-08      0.37397      942.789       839805  2.11143e+08  4.06296e+06
1        4.38937e-08     0.409249      1351.34   2.5318e+06  9.17798e+07  3.92086e+07
100      4.39241e-08     0.416502      1542.84  6.56419e+06  1.14128e+09  2.17807e+09
O-O      4.39313e-08     0.416523      1546.34  7.04862e+06  2.30869e+09  7.53297e+09

P1->CH3CH2CH2

P\T              400          600          800         1200         1800         2000
0.1      2.56107e-17  8.54504e-16  3.39595e-15  4.31508e-15  9.48945e-17  1.20977e-17
1        2.65134e-17  1.11822e-15  6.77627e-15  1.86527e-14  1.24186e-15  1.59899e-16
100      2.66461e-17  1.20974e-15  9.84201e-15  9.01721e-14  1.94681e-13  4.29793e-14
O-O       2.6703e-17  1.21325e-15  9.97268e-15  1.09442e-13  7.57974e-13  1.18647e-12

P1->CH3CHCH3

P\T              400          600          800         1200         1800         2000
0.1      1.40051e-23  1.97563e-20  5.68427e-19  5.47633e-18  8.56497e-21  1.66039e-19
1        2.98783e-24  1.28119e-20   8.7439e-19  2.60009e-17  4.80136e-17  3.25762e-18
100       3.7295e-26  3.84208e-22  9.69481e-20  4.08039e-17  1.20578e-15  1.57862e-15
O-O              ***          ***          ***          ***          ***          ***

P1->P2

P\T              400          600          800         1200         1800         2000
0.1      3.95795e-21  3.41477e-18  1.07691e-16  3.80759e-15  5.59831e-14   1.0231e-13
1        6.32509e-22  1.19115e-18  6.55935e-17  3.51933e-15  5.59097e-14  1.02306e-13
100      7.08945e-24  2.34502e-20  3.28743e-18  9.64436e-16  4.44145e-14  9.83926e-14
O-O              ***          ***          ***          ***          ***          ***

P2->CH3CH2CH2

P\T              400          600          800         1200         1800         2000
0.1      1.00222e-13    2.743e-13   2.5233e-13  6.13996e-14  4.63896e-16     5.59e-17
1        1.20951e-13  5.26623e-13  8.36821e-13  4.58814e-13  9.03448e-15  9.17254e-16
100      1.24856e-13  6.60031e-13  1.71697e-12  4.20143e-12  2.87898e-12  5.07143e-13
O-O      1.24994e-13  6.62974e-13  1.76422e-12  5.66733e-12  1.52086e-11   1.9226e-11

P2->CH3CHCH3

P\T              400          600          800         1200         1800         2000
0.1      1.49907e-12  3.96145e-12   5.2628e-12  2.39151e-12  4.19234e-20  4.29459e-15
1        1.50779e-12  4.33516e-12  7.54341e-12  7.26523e-12  1.32277e-12  5.62161e-14
100      1.50883e-12  4.41199e-12  8.61239e-12  1.88747e-11   2.1443e-11  1.29579e-11
O-O      1.50908e-12   4.4122e-12  8.63193e-12  2.02677e-11   4.4022e-11  5.33368e-11

P2->P1

P\T              400          600          800         1200         1800         2000
0.1      2.45332e-14  3.84664e-13  1.49671e-12   5.5625e-12   1.4985e-11  1.88591e-11
1        3.92058e-15   1.3418e-13  9.11637e-13  5.14137e-12  1.49654e-11  1.88584e-11
100      4.39437e-17  2.64159e-15  4.56896e-14  1.40894e-12  1.18884e-11   1.8137e-11
O-O              ***          ***          ***          ***          ***          ***

CH3CH2CH2-> 

P\T              400          600          800         1200         1800         2000
0.1      0.000203349      93.4066      40442.2  5.06742e+06  8.66702e+06  4.40674e+06
1         0.00020252      122.397      80973.3  2.10075e+07  8.95535e+07  4.28881e+07
100       0.00188027      132.504       118046  1.00647e+08  4.08587e+09   3.7325e+09
O-O      0.000210254      132.889       119635  1.22585e+08  1.39966e+10  3.67778e+10

CH3CHCH3-> 

P\T              400          600          800         1200         1800         2000
0.1     -1.72139e-05     0.374201      944.393       842704  1.44794e+07  4.09186e+06
1        1.74811e-05     0.409591      1354.77  2.54673e+06  9.26573e+07   3.9624e+07
100     -0.000524758      0.41631       1547.7  6.63208e+06   1.1637e+09  2.22512e+09
O-O       4.3948e-08     0.416951      1551.25  7.12756e+06  2.37051e+09  7.77336e+09

P1-> 

P\T              400          600          800         1200         1800         2000
0.1      2.56147e-17  8.57938e-16   3.5042e-15  8.12815e-15   5.6078e-14  1.02322e-13
1        2.65141e-17  1.11942e-15  6.84273e-15  2.21981e-14  5.71996e-14  1.02469e-13
100      2.66461e-17  1.20976e-15  9.84539e-15  9.11773e-14  2.40301e-13   1.4295e-13
O-O       2.6703e-17  1.21325e-15  9.97268e-15  1.09442e-13  7.57974e-13  1.18647e-12

P2-> 

P\T              400          600          800         1200         1800         2000
0.1      1.62383e-12  4.62041e-12  7.01184e-12  8.01541e-12  1.49855e-11  1.88634e-11
1        1.63266e-12  4.99596e-12  9.29186e-12  1.28654e-11  1.62972e-11  1.89155e-11
100      1.63373e-12  5.07466e-12   1.0375e-11   2.4485e-11  3.62104e-11   3.1602e-11
O-O      1.63407e-12  5.07518e-12  1.03962e-11  2.59351e-11  5.92306e-11  7.25629e-11

