Expanding Stereo for reaction:
  (('CH3CH2CHFCH3', 'H'), ('CH2CH2CHFCH3', 'H2'), (None,))
Stereochemical Reactions:
(('InChI=1S/C4H9F/c1-3-4(2)5/h4H,3H2,1-2H3/t4-/m0/s1', 'InChI=1S/H'), ('InChI=1S/H2/h1H', 'InChI=1S/C4H8F/c1-3-4(2)5/h4H,1,3H2,2H3'), (None,))
(('InChI=1S/C4H9F/c1-3-4(2)5/h4H,3H2,1-2H3/t4-/m1/s1', 'InChI=1S/H'), ('InChI=1S/H2/h1H', 'InChI=1S/C4H8F/c1-3-4(2)5/h4H,1,3H2,2H3'), (None,))
(('InChI=1S/C4H9F/c1-3-4(2)5/h4H,3H2,1-2H3/t4-/m0/s1', 'InChI=1S/H'), ('InChI=1S/H2/h1H', 'InChI=1S/C4H8F/c1-3-4(2)5/h4H,1,3H2,2H3'), (None,))
(('InChI=1S/C4H9F/c1-3-4(2)5/h4H,3H2,1-2H3/t4-/m1/s1', 'InChI=1S/H'), ('InChI=1S/H2/h1H', 'InChI=1S/C4H8F/c1-3-4(2)5/h4H,1,3H2,2H3'), (None,))

Adding new unique species to mechanism by adding to mechanism spc_dct...

Adding species C4H9F(2) = CC[C@H](C)F = InChI=1S/C4H9F/c1-3-4(2)5/h4H,3H2,1-2H3/t4-/m0/s1
Adding species C4H9F(3) = CC[C@@H](C)F = InChI=1S/C4H9F/c1-3-4(2)5/h4H,3H2,1-2H3/t4-/m1/s1

Adding new unique reactions to mechanism...

Adding reaction (('C4H9F(2)', 'H'), ('H2', 'CH2CH2CHFCH3'), (None,)) to param dct
Adding reaction (('C4H9F(3)', 'H'), ('H2', 'CH2CH2CHFCH3'), (None,)) to param dct
Expanding Stereo for reaction:
  (('CH3CH2CHCHCH3', 'H'), ('CH2CH2CHCHCH3', 'H2'), (None,))
Stereochemical Reactions:
(('InChI=1S/C5H10/c1-3-5-4-2/h3,5H,4H2,1-2H3/b5-3+', 'InChI=1S/H'), ('InChI=1S/H2/h1H', 'InChI=1S/C5H9/c1-3-5-4-2/h4-5H,1,3H2,2H3'), (None,))
(('InChI=1S/C5H10/c1-3-5-4-2/h3,5H,4H2,1-2H3/b5-3-', 'InChI=1S/H'), ('InChI=1S/H2/h1H', 'InChI=1S/C5H9/c1-3-5-4-2/h4-5H,1,3H2,2H3'), (None,))
(('InChI=1S/C5H10/c1-3-5-4-2/h3,5H,4H2,1-2H3/b5-3+', 'InChI=1S/H'), ('InChI=1S/H2/h1H', 'InChI=1S/C5H9/c1-3-5-4-2/h4-5H,1,3H2,2H3'), (None,))
(('InChI=1S/C5H10/c1-3-5-4-2/h3,5H,4H2,1-2H3/b5-3-', 'InChI=1S/H'), ('InChI=1S/H2/h1H', 'InChI=1S/C5H9/c1-3-5-4-2/h4-5H,1,3H2,2H3'), (None,))

Adding new unique species to mechanism by adding to mechanism spc_dct...

Adding species C5H10(2) = C/C=C/CC = InChI=1S/C5H10/c1-3-5-4-2/h3,5H,4H2,1-2H3/b5-3+
Adding species C5H10(3) = C/C=C\CC = InChI=1S/C5H10/c1-3-5-4-2/h3,5H,4H2,1-2H3/b5-3-

Adding new unique reactions to mechanism...

Adding reaction (('C5H10(2)', 'H'), ('H2', 'CH2CH2CHCHCH3'), (None,)) to param dct
Adding reaction (('C5H10(3)', 'H'), ('H2', 'CH2CH2CHCHCH3'), (None,)) to param dct

rxn dct
(('CH3CH2CHFCH3', 'H'), ('CH2CH2CHFCH3', 'H2'), (None,))
(([1.0, 0.0, 0.0], None, None, None, None, None),)
(('CH3CH2CHCHCH3', 'H'), ('CH2CH2CHCHCH3', 'H2'), (None,))
(([1.0, 0.0, 0.0], None, None, None, None, None),)
(('C4H9F(2)', 'H'), ('H2', 'CH2CH2CHFCH3'), (None,))
(((1.0, 0.0, 0.0), None, None, None, None, None),)
(('C4H9F(3)', 'H'), ('H2', 'CH2CH2CHFCH3'), (None,))
(((1.0, 0.0, 0.0), None, None, None, None, None),)
(('C5H10(2)', 'H'), ('H2', 'CH2CH2CHCHCH3'), (None,))
(((1.0, 0.0, 0.0), None, None, None, None, None),)
(('C5H10(3)', 'H'), ('H2', 'CH2CH2CHCHCH3'), (None,))
(((1.0, 0.0, 0.0), None, None, None, None, None),)

spc dct
CH3CH2CHFCH3 InChI=1S/C4H9F/c1-3-4(2)5/h4H,3H2,1-2H3/
CH2CH2CHFCH3 InChI=1S/C4H8F/c1-3-4(2)5/h4H,1,3H2,2H3
CH3CH2CHCHCH3 InChI=1S/C5H10/c1-3-5-4-2/h3,5H,4H2,1-2H3
CH2CH2CHCHCH3 InChI=1S/C5H9/c1-3-5-4-2/h4-5H,1,3H2,2H3
H InChI=1S/H
H2 InChI=1S/H2/h1H
C4H9F(2) InChI=1S/C4H9F/c1-3-4(2)5/h4H,3H2,1-2H3/t4-/m0/s1
C4H9F(3) InChI=1S/C4H9F/c1-3-4(2)5/h4H,3H2,1-2H3/t4-/m1/s1
C5H10(2) InChI=1S/C5H10/c1-3-5-4-2/h3,5H,4H2,1-2H3/b5-3+
C5H10(3) InChI=1S/C5H10/c1-3-5-4-2/h3,5H,4H2,1-2H3/b5-3-
