Wells (G - ground energy, D - dissociation limit, kcal/mol):
      Name        G        D
        W0     -6.0     -2.2

Bimolecular Products (G - ground energy, kcal/mol):
      Name        G
        RH     -2.2
     NC3H7    -20.1
     IC3H7    -23.2

Well-to-Bimolecular Barriers (H/G - barrier height/well depth, kcal/mol)
      Name        H     Well        G  Product
        B0     -2.2       W0     -6.0       RH
        B1      0.0       W0     -6.0    NC3H7
        B2     -0.9       W0     -6.0    IC3H7

________________________________________________________________________________________

Unimolecular Rate Units: 1/sec;  Bimolecular Rate Units: cm^3/sec

______________________________________________________________________________________

Species-Species Rate Tables:

Temperature = 400 K

High Pressure Rate Coefficients:

From\To            W0           RH        NC3H7        IC3H7
W0                ***  3.53069e+11   1.4663e+09  5.38138e+08
RH        1.25939e-10          ***          ***          ***
NC3H7     6.42103e-24          ***          ***          ***
IC3H7      6.3089e-26          ***          ***          ***

Temperature = 400 K    Pressure = 1 atm

From\To            W0           RH        NC3H7        IC3H7
W0                ***          ***          ***          ***
RH                ***  7.04733e-13  5.14854e-13   1.8988e-13
NC3H7             ***   6.3207e-24  6.33698e-24  1.62875e-26
IC3H7             ***  6.24077e-26  4.36047e-28  6.28438e-26

Temperature = 600 K

High Pressure Rate Coefficients:

From\To            W0           RH        NC3H7        IC3H7
W0                ***  1.35609e+12  1.81185e+10  5.24646e+09
RH        1.15193e-10          ***          ***          ***
NC3H7     3.02004e-20          ***          ***          ***
IC3H7     9.24876e-22          ***          ***          ***

Temperature = 600 K    Pressure = 1 atm

From\To            W0           RH        NC3H7        IC3H7
W0                ***          ***          ***          ***
RH                ***  1.93046e-12  1.49542e-12  4.35041e-13
NC3H7             ***   2.9344e-20  2.95001e-20   1.5609e-22
IC3H7             ***  9.02842e-22  1.65083e-23   9.1935e-22

Temperature = 800 K

High Pressure Rate Coefficients:

From\To            W0           RH        NC3H7        IC3H7
W0                ***  2.33168e+12  6.43307e+10  1.67558e+10
RH         1.1234e-10          ***          ***          ***
NC3H7     2.44943e-18          ***          ***          ***
IC3H7     1.40046e-19          ***          ***          ***

Temperature = 800 K    Pressure = 1 atm

From\To            W0           RH        NC3H7        IC3H7
W0                ***          ***          ***          ***
RH                ***  3.72838e-12  2.95517e-12   7.7321e-13
NC3H7             ***  2.33539e-18  2.35652e-18  2.11276e-20
IC3H7             ***  1.34133e-19  4.63779e-21  1.38771e-19

Temperature = 1200 K

High Pressure Rate Coefficients:

From\To            W0           RH        NC3H7        IC3H7
W0                ***  3.33441e+12  2.29941e+11   5.4059e+10
RH        1.17313e-10          ***          ***          ***
NC3H7     2.68332e-16          ***          ***          ***
IC3H7     2.98291e-17          ***          ***          ***

Temperature = 1200 K    Pressure = 1 atm

From\To            W0           RH        NC3H7        IC3H7
W0                ***          ***          ***          ***
RH                ***  9.06349e-12  7.33206e-12  1.73144e-12
NC3H7             ***  2.43195e-16  2.47764e-16  4.56831e-18
IC3H7             ***  2.71551e-17  2.16008e-18  2.93151e-17

Temperature = 1800 K

High Pressure Rate Coefficients:

From\To            W0           RH        NC3H7        IC3H7
W0                ***  3.49857e+12  5.39556e+11  1.18216e+11
RH        1.35249e-10          ***          ***          ***
NC3H7     8.99752e-15          ***          ***          ***
IC3H7     1.58701e-15          ***          ***          ***

Temperature = 1800 K    Pressure = 1 atm

From\To            W0           RH        NC3H7        IC3H7
W0                ***          ***          ***          ***
RH                ***  2.10098e-11  1.72203e-11  3.78948e-12
NC3H7             ***   7.4282e-15  7.70345e-15  2.75249e-16
IC3H7             ***  1.31595e-15  2.21586e-16  1.53754e-15

Temperature = 2000 K

High Pressure Rate Coefficients:

From\To            W0           RH        NC3H7        IC3H7
W0                ***  3.42756e+12  6.40143e+11  1.38219e+11
RH        1.42492e-10          ***          ***          ***
NC3H7     1.94662e-14          ***          ***          ***
IC3H7     3.77012e-15          ***          ***          ***

Temperature = 2000 K    Pressure = 1 atm

From\To            W0           RH        NC3H7        IC3H7
W0                ***          ***          ***          ***
RH                ***  2.58688e-11  2.12587e-11  4.61016e-12
NC3H7             ***  1.55502e-14  1.62303e-14  6.80064e-16
IC3H7             ***  3.02481e-15  6.10003e-16  3.63481e-15

______________________________________________________________________________________

High Pressure Rate Coefficients (Temperature-Species Rate Tables):

   T(K)       W0->W0       W0->RH    W0->NC3H7    W0->IC3H7
    400          ***  3.53069e+11   1.4663e+09  5.38138e+08
    600          ***  1.35609e+12  1.81185e+10  5.24646e+09
    800          ***  2.33168e+12  6.43307e+10  1.67558e+10
   1200          ***  3.33441e+12  2.29941e+11   5.4059e+10
   1800          ***  3.49857e+12  5.39556e+11  1.18216e+11
   2000          ***  3.42756e+12  6.40143e+11  1.38219e+11

   T(K)       RH->W0       RH->RH    RH->NC3H7    RH->IC3H7
    400  1.25939e-10          ***          ***          ***
    600  1.15193e-10          ***          ***          ***
    800   1.1234e-10          ***          ***          ***
   1200  1.17313e-10          ***          ***          ***
   1800  1.35249e-10          ***          ***          ***
   2000  1.42492e-10          ***          ***          ***

   T(K)    NC3H7->W0    NC3H7->RH NC3H7->NC3H7 NC3H7->IC3H7
    400  6.42103e-24          ***          ***          ***
    600  3.02004e-20          ***          ***          ***
    800  2.44943e-18          ***          ***          ***
   1200  2.68332e-16          ***          ***          ***
   1800  8.99752e-15          ***          ***          ***
   2000  1.94662e-14          ***          ***          ***

   T(K)    IC3H7->W0    IC3H7->RH IC3H7->NC3H7 IC3H7->IC3H7
    400   6.3089e-26          ***          ***          ***
    600  9.24876e-22          ***          ***          ***
    800  1.40046e-19          ***          ***          ***
   1200  2.98291e-17          ***          ***          ***
   1800  1.58701e-15          ***          ***          ***
   2000  3.77012e-15          ***          ***          ***

Capture/Escape Rate Coefficients:

   T(K)           W0           RH        NC3H7        IC3H7
    400  3.55073e+11  1.25939e-10  6.42103e-24   6.3089e-26
    600  1.37946e+12  1.15193e-10  3.02004e-20  9.24876e-22
    800  2.41276e+12   1.1234e-10  2.44943e-18  1.40046e-19
   1200  3.61841e+12  1.17313e-10  2.68332e-16  2.98291e-17
   1800  4.15634e+12  1.35249e-10  8.99752e-15  1.58701e-15
   2000  4.20593e+12  1.42492e-10  1.94662e-14  3.77012e-15

______________________________________________________________________________________

Pressure-Species Rate Tables:

   Temperature = 400 K

   P(atm)       W0->RH    W0->NC3H7    W0->IC3H7         W0->
        1          ***          ***          ***          ***
    O-O  3.53069e+11   1.4663e+09  5.38138e+08  3.55073e+11

   Temperature = 600 K

   P(atm)       W0->RH    W0->NC3H7    W0->IC3H7         W0->
        1          ***          ***          ***          ***
    O-O  1.35609e+12  1.81185e+10  5.24646e+09  1.37946e+12

   Temperature = 800 K

   P(atm)       W0->RH    W0->NC3H7    W0->IC3H7         W0->
        1          ***          ***          ***          ***
    O-O  2.33168e+12  6.43307e+10  1.67558e+10  2.41276e+12

   Temperature = 1200 K

   P(atm)       W0->RH    W0->NC3H7    W0->IC3H7         W0->
        1          ***          ***          ***          ***
    O-O  3.33441e+12  2.29941e+11   5.4059e+10  3.61841e+12

   Temperature = 1800 K

   P(atm)       W0->RH    W0->NC3H7    W0->IC3H7         W0->
        1          ***          ***          ***          ***
    O-O  3.49857e+12  5.39556e+11  1.18216e+11  4.15634e+12

   Temperature = 2000 K

   P(atm)       W0->RH    W0->NC3H7    W0->IC3H7         W0->
        1          ***          ***          ***          ***
    O-O  3.42756e+12  6.40143e+11  1.38219e+11  4.20593e+12

   Temperature = 400 K

   P(atm)       RH->W0    RH->NC3H7    RH->IC3H7         RH->
        1          ***  5.14854e-13   1.8988e-13  7.04733e-13
    O-O  1.25939e-10          ***          ***  1.25939e-10

   Temperature = 600 K

   P(atm)       RH->W0    RH->NC3H7    RH->IC3H7         RH->
        1          ***  1.49542e-12  4.35041e-13  1.93046e-12
    O-O  1.15193e-10          ***          ***  1.15193e-10

   Temperature = 800 K

   P(atm)       RH->W0    RH->NC3H7    RH->IC3H7         RH->
        1          ***  2.95517e-12   7.7321e-13  3.72838e-12
    O-O   1.1234e-10          ***          ***   1.1234e-10

   Temperature = 1200 K

   P(atm)       RH->W0    RH->NC3H7    RH->IC3H7         RH->
        1          ***  7.33206e-12  1.73144e-12  9.06349e-12
    O-O  1.17313e-10          ***          ***  1.17313e-10

   Temperature = 1800 K

   P(atm)       RH->W0    RH->NC3H7    RH->IC3H7         RH->
        1          ***  1.72203e-11  3.78948e-12  2.10098e-11
    O-O  1.35249e-10          ***          ***  1.35249e-10

   Temperature = 2000 K

   P(atm)       RH->W0    RH->NC3H7    RH->IC3H7         RH->
        1          ***  2.12587e-11  4.61016e-12  2.58688e-11
    O-O  1.42492e-10          ***          ***  1.42492e-10

   Temperature = 400 K

   P(atm)    NC3H7->W0    NC3H7->RH NC3H7->IC3H7      NC3H7->
        1          ***   6.3207e-24  1.62875e-26  6.33698e-24
    O-O  6.42103e-24          ***          ***  6.42103e-24

   Temperature = 600 K

   P(atm)    NC3H7->W0    NC3H7->RH NC3H7->IC3H7      NC3H7->
        1          ***   2.9344e-20   1.5609e-22  2.95001e-20
    O-O  3.02004e-20          ***          ***  3.02004e-20

   Temperature = 800 K

   P(atm)    NC3H7->W0    NC3H7->RH NC3H7->IC3H7      NC3H7->
        1          ***  2.33539e-18  2.11276e-20  2.35652e-18
    O-O  2.44943e-18          ***          ***  2.44943e-18

   Temperature = 1200 K

   P(atm)    NC3H7->W0    NC3H7->RH NC3H7->IC3H7      NC3H7->
        1          ***  2.43195e-16  4.56831e-18  2.47764e-16
    O-O  2.68332e-16          ***          ***  2.68332e-16

   Temperature = 1800 K

   P(atm)    NC3H7->W0    NC3H7->RH NC3H7->IC3H7      NC3H7->
        1          ***   7.4282e-15  2.75249e-16  7.70345e-15
    O-O  8.99752e-15          ***          ***  8.99752e-15

   Temperature = 2000 K

   P(atm)    NC3H7->W0    NC3H7->RH NC3H7->IC3H7      NC3H7->
        1          ***  1.55502e-14  6.80064e-16  1.62303e-14
    O-O  1.94662e-14          ***          ***  1.94662e-14

   Temperature = 400 K

   P(atm)    IC3H7->W0    IC3H7->RH IC3H7->NC3H7      IC3H7->
        1          ***  6.24077e-26  4.36047e-28  6.28438e-26
    O-O   6.3089e-26          ***          ***   6.3089e-26

   Temperature = 600 K

   P(atm)    IC3H7->W0    IC3H7->RH IC3H7->NC3H7      IC3H7->
        1          ***  9.02842e-22  1.65083e-23   9.1935e-22
    O-O  9.24876e-22          ***          ***  9.24876e-22

   Temperature = 800 K

   P(atm)    IC3H7->W0    IC3H7->RH IC3H7->NC3H7      IC3H7->
        1          ***  1.34133e-19  4.63779e-21  1.38771e-19
    O-O  1.40046e-19          ***          ***  1.40046e-19

   Temperature = 1200 K

   P(atm)    IC3H7->W0    IC3H7->RH IC3H7->NC3H7      IC3H7->
        1          ***  2.71551e-17  2.16008e-18  2.93151e-17
    O-O  2.98291e-17          ***          ***  2.98291e-17

   Temperature = 1800 K

   P(atm)    IC3H7->W0    IC3H7->RH IC3H7->NC3H7      IC3H7->
        1          ***  1.31595e-15  2.21586e-16  1.53754e-15
    O-O  1.58701e-15          ***          ***  1.58701e-15

   Temperature = 2000 K

   P(atm)    IC3H7->W0    IC3H7->RH IC3H7->NC3H7      IC3H7->
        1          ***  3.02481e-15  6.10003e-16  3.63481e-15
    O-O  3.77012e-15          ***          ***  3.77012e-15

______________________________________________________________________________________

Temperature-Species Rate Tables:

   Pressure = 1 atm

   T(K)       W0->RH    W0->NC3H7    W0->IC3H7         W0->      Capture
    400          ***          ***          ***          ***  3.55073e+11
    600          ***          ***          ***          ***  1.37946e+12
    800          ***          ***          ***          ***  2.41276e+12
   1200          ***          ***          ***          ***  3.61841e+12
   1800          ***          ***          ***          ***  4.15634e+12
   2000          ***          ***          ***          ***  4.20593e+12

   Pressure = 1 atm

   T(K)       RH->W0    RH->NC3H7    RH->IC3H7         RH->      Capture
    400          ***  5.14854e-13   1.8988e-13  7.04733e-13  1.25939e-10
    600          ***  1.49542e-12  4.35041e-13  1.93046e-12  1.15193e-10
    800          ***  2.95517e-12   7.7321e-13  3.72838e-12   1.1234e-10
   1200          ***  7.33206e-12  1.73144e-12  9.06349e-12  1.17313e-10
   1800          ***  1.72203e-11  3.78948e-12  2.10098e-11  1.35249e-10
   2000          ***  2.12587e-11  4.61016e-12  2.58688e-11  1.42492e-10

   Pressure = 1 atm

   T(K)    NC3H7->W0    NC3H7->RH NC3H7->IC3H7      NC3H7->      Capture
    400          ***   6.3207e-24  1.62875e-26  6.33698e-24  6.42103e-24
    600          ***   2.9344e-20   1.5609e-22  2.95001e-20  3.02004e-20
    800          ***  2.33539e-18  2.11276e-20  2.35652e-18  2.44943e-18
   1200          ***  2.43195e-16  4.56831e-18  2.47764e-16  2.68332e-16
   1800          ***   7.4282e-15  2.75249e-16  7.70345e-15  8.99752e-15
   2000          ***  1.55502e-14  6.80064e-16  1.62303e-14  1.94662e-14

   Pressure = 1 atm

   T(K)    IC3H7->W0    IC3H7->RH IC3H7->NC3H7      IC3H7->      Capture
    400          ***  6.24077e-26  4.36047e-28  6.28438e-26   6.3089e-26
    600          ***  9.02842e-22  1.65083e-23   9.1935e-22  9.24876e-22
    800          ***  1.34133e-19  4.63779e-21  1.38771e-19  1.40046e-19
   1200          ***  2.71551e-17  2.16008e-18  2.93151e-17  2.98291e-17
   1800          ***  1.31595e-15  2.21586e-16  1.53754e-15  1.58701e-15
   2000          ***  3.02481e-15  6.10003e-16  3.63481e-15  3.77012e-15

______________________________________________________________________________________

Temperature-Pressure Rate Tables:

W0->RH

P\T              400          600          800         1200         1800         2000
1                ***          ***          ***          ***          ***          ***
O-O      3.53069e+11  1.35609e+12  2.33168e+12  3.33441e+12  3.49857e+12  3.42756e+12

W0->NC3H7

P\T              400          600          800         1200         1800         2000
1                ***          ***          ***          ***          ***          ***
O-O       1.4663e+09  1.81185e+10  6.43307e+10  2.29941e+11  5.39556e+11  6.40143e+11

W0->IC3H7

P\T              400          600          800         1200         1800         2000
1                ***          ***          ***          ***          ***          ***
O-O      5.38138e+08  5.24646e+09  1.67558e+10   5.4059e+10  1.18216e+11  1.38219e+11

RH->W0

P\T              400          600          800         1200         1800         2000
1                ***          ***          ***          ***          ***          ***
O-O      1.25939e-10  1.15193e-10   1.1234e-10  1.17313e-10  1.35249e-10  1.42492e-10

RH->NC3H7

P\T              400          600          800         1200         1800         2000
1        5.14854e-13  1.49542e-12  2.95517e-12  7.33206e-12  1.72203e-11  2.12587e-11
O-O              ***          ***          ***          ***          ***          ***

RH->IC3H7

P\T              400          600          800         1200         1800         2000
1         1.8988e-13  4.35041e-13   7.7321e-13  1.73144e-12  3.78948e-12  4.61016e-12
O-O              ***          ***          ***          ***          ***          ***

NC3H7->W0

P\T              400          600          800         1200         1800         2000
1                ***          ***          ***          ***          ***          ***
O-O      6.42103e-24  3.02004e-20  2.44943e-18  2.68332e-16  8.99752e-15  1.94662e-14

NC3H7->RH

P\T              400          600          800         1200         1800         2000
1         6.3207e-24   2.9344e-20  2.33539e-18  2.43195e-16   7.4282e-15  1.55502e-14
O-O              ***          ***          ***          ***          ***          ***

NC3H7->IC3H7

P\T              400          600          800         1200         1800         2000
1        1.62875e-26   1.5609e-22  2.11276e-20  4.56831e-18  2.75249e-16  6.80064e-16
O-O              ***          ***          ***          ***          ***          ***

IC3H7->W0

P\T              400          600          800         1200         1800         2000
1                ***          ***          ***          ***          ***          ***
O-O       6.3089e-26  9.24876e-22  1.40046e-19  2.98291e-17  1.58701e-15  3.77012e-15

IC3H7->RH

P\T              400          600          800         1200         1800         2000
1        6.24077e-26  9.02842e-22  1.34133e-19  2.71551e-17  1.31595e-15  3.02481e-15
O-O              ***          ***          ***          ***          ***          ***

IC3H7->NC3H7

P\T              400          600          800         1200         1800         2000
1        4.36047e-28  1.65083e-23  4.63779e-21  2.16008e-18  2.21586e-16  6.10003e-16
O-O              ***          ***          ***          ***          ***          ***

W0-> 

P\T              400          600          800         1200         1800         2000
1                ***          ***          ***          ***          ***          ***
O-O      3.55073e+11  1.37946e+12  2.41276e+12  3.61841e+12  4.15634e+12  4.20593e+12

RH-> 

P\T              400          600          800         1200         1800         2000
1        7.04733e-13  1.93046e-12  3.72838e-12  9.06349e-12  2.10098e-11  2.58688e-11
O-O      1.25939e-10  1.15193e-10   1.1234e-10  1.17313e-10  1.35249e-10  1.42492e-10

NC3H7-> 

P\T              400          600          800         1200         1800         2000
1        6.33698e-24  2.95001e-20  2.35652e-18  2.47764e-16  7.70345e-15  1.62303e-14
O-O      6.42103e-24  3.02004e-20  2.44943e-18  2.68332e-16  8.99752e-15  1.94662e-14

IC3H7-> 

P\T              400          600          800         1200         1800         2000
1        6.28438e-26   9.1935e-22  1.38771e-19  2.93151e-17  1.53754e-15  3.63481e-15
O-O       6.3089e-26  9.24876e-22  1.40046e-19  2.98291e-17  1.58701e-15  3.77012e-15

